// Jest Snapshot v1, https://goo.gl/fbAQLP

exports[`should render Expense Dashboard Page 1`] = `
<div>
  this is ExpenseDashboardPage component
  <Connect(ExpenseListFilters) />
  <Connect(ExpenseList) />
</div>
`;
