// Jest Snapshot v1, https://goo.gl/fbAQLP

exports[`should render header correctly 1`] = `
<div>
  <h1>
    Expensify
  </h1>
  <div>
    <NavLink
      activeClassName="is-active"
      aria-current="page"
      exact={true}
      to="/"
    >
      Dashboard
    </NavLink>
    <NavLink
      activeClassName="is-active"
      aria-current="page"
      to="/create"
    >
      Create Expense
    </NavLink>
    <NavLink
      activeClassName="is-active"
      aria-current="page"
      to="/edit/1"
    >
      Edit Expense
    </NavLink>
    <NavLink
      activeClassName="is-active"
      aria-current="page"
      to="/help"
    >
      Help
    </NavLink>
  </div>
</div>
`;
