// Jest Snapshot v1, https://goo.gl/fbAQLP

exports[`should render Help Page 1`] = `
<div>
  this is HelpPage component
</div>
`;
